// Jest Snapshot v1, https://goo.gl/fbAQLP

exports[`[STORE] - Price utils Should return the position 1`] = `"prefix"`;

exports[`[STORE] - Price utils Should return the position 2`] = `"suffix"`;
